// Jest Snapshot v1, https://goo.gl/fbAQLP

exports[`babel-plugin-umi-css-modules work 1`] = `
"var bar = 1;
if (bar) console.log(bar);"
`;
